// Jest Snapshot v1, https://goo.gl/fbAQLP

exports[`NewMessageButton should match the snapshot 1`] = `
<TouchableOpacity
  activeOpacity={0.2}
  onPress={[Function]}
  style={
    Object {
      "alignItems": "center",
      "backgroundColor": "#121716",
      "borderColor": "#6E8F76",
      "borderRadius": 100,
      "borderWidth": 1,
      "bottom": 15,
      "display": "flex",
      "height": 60,
      "justifyContent": "center",
      "position": "absolute",
      "right": 15,
      "width": 60,
    }
  }
>
  <Image
    source={1}
    style={
      Object {
        "height": 35,
        "width": 35,
      }
    }
  />
</TouchableOpacity>
`;
